{
  "version": "0.13.1+ibm.62.dss",
  "generated_at": "2026-05-08T16:22:32Z",
  "plugins_used": [
    {
      "name": "AWSKeyDetector"
    },
    {
      "name": "ArtifactoryDetector"
    },
    {
      "name": "AzureStorageKeyDetector"
    },
    {
      "base64_limit": 4.5,
      "name": "Base64HighEntropyString"
    },
    {
      "name": "BasicAuthDetector"
    },
    {
      "name": "BoxDetector"
    },
    {
      "name": "CloudantDetector"
    },
    {
      "ghe_instance": "github.ibm.com",
      "name": "GheDetector"
    },
    {
      "name": "GitHubTokenDetector"
    },
    {
      "hex_limit": 3,
      "name": "HexHighEntropyString"
    },
    {
      "name": "IbmCloudIamDetector"
    },
    {
      "name": "IbmCosHmacDetector"
    },
    {
      "name": "JwtTokenDetector"
    },
    {
      "keyword_exclude": null,
      "name": "KeywordDetector"
    },
    {
      "name": "MailchimpDetector"
    },
    {
      "name": "NpmDetector"
    },
    {
      "name": "PrivateKeyDetector"
    },
    {
      "name": "SlackDetector"
    },
    {
      "name": "SoftlayerDetector"
    },
    {
      "name": "SquareOAuthDetector"
    },
    {
      "name": "StripeDetector"
    },
    {
      "name": "TwilioKeyDetector"
    }
  ],
  "results": {
    "src/services/notion_oauth_client.py": [
      {
        "hashed_secret": "0d1ba0da3e84e54f29846c93c43182eede365858",
        "is_verified": false,
        "line_number": 35,
        "type": "detect-secrets",
        "verified_result": null,
        "is_secret": false
      }
    ],
    "test/unit/test_notion_api.py": [
      {
        "hashed_secret": "ce094fa09693604fb88de28e4876f8c38a5548d3",
        "is_verified": false,
        "line_number": 264,
        "type": "detect-secrets",
        "verified_result": null,
        "is_secret": false
      }
    ]
  },
  "exclude": {
    "files": "^.secrets.baseline$",
    "lines": null
  },
  "word_list": {
    "file": null,
    "hash": null
  }
}